01 1ый тест из условия
02 2ой тест из условия
03 3ий тест из условия
04 4ый тест из условия
05 5ый тест из условия
06 Однобуквенный тест
07 Двухбуквенный тест
08 100 одинаковых букв 
09 100 одинаковых букв / 99 одинаковых + 1 другая
10 26 разных букв / 26 случайно переставленных 
11 91 буква случайно
12 95 букв случайно / их перестановка
13 97 букв случайно / их перестановка
14 100 букв случайно / их перестановка
15 95 букв случайно
16 97 букв случайно
17 91 буква случайно / их перестановка
18 99 букв случайно / их перестановка
19 99 букв случайно
20 100 букв случайно
21 случайный тест, сгенерированный по длинам, ответ YES
22 случайный тест, сгенерированный по длинам, с небольшими изменениями (NO)
23 случайный тест, сгенерированный по длинам, ответ YES (небольшой перекос длин)
24 случайный тест, сгенерированный по длинам, ответ YES (большой перекос длин)
25 случайный тест, сгенерированный по длинам, с небольшими изменениями (NO)
26 случайный тест с примерно равным количеством, YES; 100 символов
27 случайный тест с примерно равным количеством, NO; 100 символов
28 еще один случайный тест на YES (некоторые символы не встречаются)
29 то же, что и в 28, но ответ NO
