01 тест из примера
02 простой тест из одного большого абзаца
03 два абзаца по одной строке
04 2 + 1, страница - 4
05 2 + 2, страница - 4
06 2 + 3, страница - 4
07 1 + 2, страница - 4
08 1 + 3, страница - 4
09 4 + 4, страница - 4 (пожирание пустой строки)
10 4 + 4 + 4, страница - 4 (пожирание пустых строк)
11 1 + 2 + 2 + 1 + 4, страница - 4 (пожирание пустых строк)
12 1 + 1 + 1 + 1 + 1 + 1, страница - 5 (одинокие строки в начале и конце)
13 1 + 3 + 2 + 2 + 5 + 1, страница 5
14 2 страницы, все комбинации
15 3 страницы, все комбинации
16 4 страницы, все комбинации
17 5 страниц, все комбинации
18 6 страниц, все комбинации
19 7 страниц, все комбинации
20 8 страниц, все комбинации
21 9 страниц, все комбинации
22 10 страниц, все комбинации
23 6665 строк из буквы a, страница 4
24 растущие слова из букв a, страница 4
25 6665 строк из буквы a, страница 100
26 6665 строк из буквы a или разделителей абзаца, страница 100
27 6665 строк из случайной буквы или разделителей абзаца, страница 100
28 6665 строк из случайной буквы или разделителей абзаца, страница 4
29 6665 строк из случайной буквы или разделителей абзаца, страница 5
30 3999 абзацев, страница 4
31 3999 абзацев, страница 7
32 3999 абзацев, страница 100
33 случайный тест
34 случайный тест
35 случайный тест
36 случайный тест
37 случайный тест
38 случайный тест
39 случайный тест
40 случайный тест
41 тест на максимальное количество страниц
42 тест на максимальное количество слов
43 тест на максимальное количество различных слов
