01 Тест из условия
02 Треугольник, один идет на место другого
03 Треугольник, меняются местами
04 Квадрат, проход в два свободных города на прямую 
05 Квадрат, проход в два свободных города крест-накрест
06 Квадрат, обмен местами
07 Шестиугольник, в противоположные углы
08 Шестиугольник с диаметром, один на диаметре
09 Шестиугольник с диаметром, ни один на диаметре
10 Шестиугольник с хордой, обмен местами
11 Случайный тест, n=10
12 Случайный тест, n=30
13 Случайный тест, n=30, две компоненты связности
14 Кольцо, переход на другую строну
15 Кольцо с хвостом, обмен местами
16 Кольцо с маленькой хордой, обмен местами
17 Кольцо с диаметром, переход на другую строну с обменом местами
18 Колесо, A стоит в центре, B идет на другую сторону
19 Колесо почти без спиц, A стоит в центре, B идет на другую сторону
20 Дорожка с треугольником в конце (максимальное количество шагов)
21 Лестница-стременка (тест против эвристики "паровозика")
22 Лестница-стременка c одним крестом (тест против эвристики "паровозика")
23 Лестница-стременка c двумя диагоналями
24 20 x K2,3
25 
26 10 x K10
27 K30 + K30 + Цепочка из 40 вершин (анти Форд-Беллман)
28 K42 + Цепочка из 55 вершин (анти Форд-Беллман), без перемешивания
29 K42 + Цепочка из 55 вершин (анти Форд-Беллман)
30 Случайный, n=100, соединены вершины на расстоянии 4
31 Случайный, n=100, соединены вершины на расстоянии 6
32 Случайный, n=100, соединены вершины на расстоянии 10
33 Случайный, n=100, соединены вершины на расстоянии 20
34 Случайный, n=100, соединены вершины на расстоянии 14
35 Большой случайный тест